<p>
	<span style='color:red;'>look ma, red text!</span>
</p>
<p>
	<span style='color:blue;'>look ma, blue text!</span>
</p>
<p>
	<span style='color:green;'>look ma, green text!</span>
</p>
<p>
	<span style='color:red;'>red</span>
	<span style='color:yellow;'>yellow</span>
	<span style='color:green;'>green</span>
</p>
<p>
	<span style='color:rgb(202,200,100);'>rgb(202,200,100)</span>or
	<span style='color:rgb(200,100,212);'>rgb(12,200,112)</span>
</p>
<p>
	<span style='color:#12FFFE;'>hex#12FFFE</span>or
	<span style='color:#51F02E;'>hex#51F02E</span>
</p>