<p>
	<h1>cats</h1>
</p>
<p>
	<ul class="alternate">
		<li>
			<strong>coding cat</strong>
		</li>
	</p>
	<p>
		<img src="https://media.giphy.com/media/JIX9t2j0ZTN9S/giphy.gif"/>
	</p>
	<p></ul>
</p>
<p>
	<ul class="alternate">
		<li>
			<strong>compiling cat</strong>
		</li>
	</p>
	<p>
		<img src="https://media.giphy.com/media/mlvseq9yvZhba/giphy.gif"/>
	</p>
	<p></ul>
</p>