<p>
	<a href='simple_link'>simple_link</a>or
	<a href='simple_link_other'>simple_link_other</a>
</p>
<p>
	<a href='simple_link'>simple_link</a>or [escaped_link]</p>
<p>[escaped_link] or
	<a href='simple_link'>simple_link</a>
</p>
<p>[escaped_link] or [escaped_link_other]</p>
<p>
	<a href='www.example.com'>www.example.com</a>or
	<a href='www.web.com'>www.web.com</a>
</p>
<p>
	<a href='https://link'>label</a>or
	<a href='https://www.example.com'>label_other</a>
</p>
<p>
	<a href='https://link'>textlink</a>or [escaped_link&vert;https://link]</p>
<p>[ escaped_link_with_space&vert;https://link1.com ] or [ escaped_link_with_space_other&vert;https://link ]</p>
<p>
	<a href='simple_link'>simple_link</a>
</p>
<p>[text in square brackets]</p>
<p>
	<a href='https://www.example.com'>example.com</a>
</p>
<p>[example.com&vert;https://www.example.com]</p>