<p>
	<h1>
		<strong>Examples</strong>
	</h1>
</p>
<p>
	<hr /></p>
<p>
	<h2>
		<strong>headers:</strong>
	</h2>
</p>
<p>
	<h1>Header 1</h1>
</p>
<p>
	<h2>Header 2</h2>
</p>
<p>
	<h3>Header 3</h3>
</p>
<p>
	<h4>Header 4</h4>
</p>
<p>
	<h5>Header 5</h5>
</p>
<p>
	<h6>Header 6</h6>
</p>
<p>
	<hr /></p>
<p>
	<h2>
		<strong>emoticons:</strong>
	</h2>
</p>
<p>
	<ul>
		<li>
			<img alt="(smile)" src="vscode-resource:/home/denco/Projects/private/vscode/confluence-markup/media/emoticons/smile.png"/>smile</li>
	</p>
	<p>
		<li>
			<img alt="(sad)" src="vscode-resource:/home/denco/Projects/private/vscode/confluence-markup/media/emoticons/sad.png"/>sad</li>
	</p>
	<p>
		<li>
			<img alt="(cheeky)" src="vscode-resource:/home/denco/Projects/private/vscode/confluence-markup/media/emoticons/cheeky.png"/>cheeky</li>
	</p>
	<p>
		<li>
			<img alt="(laugh)" src="vscode-resource:/home/denco/Projects/private/vscode/confluence-markup/media/emoticons/biggrin.png"/>laugh</li>
	</p>
	<p>
		<li>
			<img alt="(wink)" src="vscode-resource:/home/denco/Projects/private/vscode/confluence-markup/media/emoticons/wink.png"/>wink</li>
	</p>
	<p>
		<li>
			<img alt="(thumbs-up)" src="vscode-resource:/home/denco/Projects/private/vscode/confluence-markup/media/emoticons/thumbs-up.png"/>thumbs-up</li>
	</p>
	<p>
		<li>
			<img alt="(thumbs-down)" src="vscode-resource:/home/denco/Projects/private/vscode/confluence-markup/media/emoticons/thumbs-down.png"/>thumbs-down</li>
	</p>
	<p>
		<li>
			<img alt="(information)" src="vscode-resource:/home/denco/Projects/private/vscode/confluence-markup/media/emoticons/information.png"/>information</li>
	</p>
	<p>
		<li>
			<img alt="(tick)" src="vscode-resource:/home/denco/Projects/private/vscode/confluence-markup/media/emoticons/tick.png"/>tick</li>
	</p>
	<p>
		<li>
			<img alt="(cross)" src="vscode-resource:/home/denco/Projects/private/vscode/confluence-markup/media/emoticons/cross.png"/>cross</li>
	</p>
	<p>
		<li>
			<img alt="(warning)" src="vscode-resource:/home/denco/Projects/private/vscode/confluence-markup/media/emoticons/warning.png"/>warning</li>
	</p>
	<p></ul>
</p>
<p>
	<hr /></p>
<p>
	<h2>
		<strong>Links:</strong>
	</h2>
</p>
<p>
	<ul>
		<li>
			<a href='https://confluence.atlassian.com/doc/confluence-wiki-markup-251003035.html#ConfluenceWikiMarkup-Headings'>Mark Up</a>
		</li>
	</p>
	<p>
		<li>
			<a href='https://confluence.atlassian.com/doc/confluence-storage-format-790796544.html'>Storage Format</a>
		</li>
	</p>
	<p>
		<li>
			<a href='https://www.w3schools.com/html/html_formatting.asp'>html format</a>
		</li>
	</p>
	<p>
		<li>
			<a href='https://ifl2014.github.io/submissions/ifl2014_submission_18.pdf'>test</a>
		</li>
	</p>
	<p></ul>
</p>
<p>
	<hr /></p>
<p>
	<h2>
		<strong>text effects:</strong>
	</h2>
</p>
<p>
	<strong>strong</strong>
</p>
<p>
	<strong>bold text</strong>
</p>
<p>
	<i>emphasis</i>
</p>
<p>
	<i>italics</i>: Thing
	<i>x</i>
</p>
<p>
	<i>italics with spaces</i>
</p>
<p>
	<cite>citation</cite>
	<br/></p>
<p>
	<span style='text-decoration: line-through;'>deleted</span>
	<br/></p>
<p>
	<span style='text-decoration: line-through;'>deleted with spaces</span>
	<br/></p>
<p>
	<u>inserted</u>
	<br/></p>
<p>Text with
	<sup>superscript</sup>: kg/m
	<sup>3</sup>
</p>
<p>Text with
	<sub>subscript</sub>
</p>
<p>
	<code style='font-family: Menlo, Monaco, Consolas, monospace'>monospaced</code>
</p>
<p>
	<blockquote>
		<p>Here's how you make a paragraph appear as a block quotation.</p>
	</blockquote>
</p>
<p>
	<span style='color:red;'>look ma, red text!</span>
</p>
<p>
	<hr /></p>
<p>
	<h2>
		<strong>lists:</strong>
	</h2>
</p>
<p>Squared list</p>
<p>
	<ul class="alternate">
		<li>one</li>
	</p>
	<p>
		<li>two</li>
	</p>
	<p></ul>
</p>
<p>Dotted list</p>
<p>
	<ul>
		<li>one</li>
	</p>
	<p>
		<li>tree</li>
	</p>
	<p>
		<li>third</li>
	</p>
	<p></ul>
</p>
<p>Numbered list</p>
<p>
	<ol class="initial">
		<li>one</li>
	</p>
	<p>
		<ul>
			<li>borderStyle</li>
		</p>
		<p>
			<li>dasddasd</li>
		</p>
		<p></ul>
		<li>two</li>
	</p>
	<p>
		<li>
			<img alt="(smile)" src="vscode-resource:/home/denco/Projects/private/vscode/confluence-markup/media/emoticons/smile.png"/>
		</li>
	</p>
	<p></ol>
</p>
<p>
	<hr /></p>
<p>
	<h2>
		<strong>table:</strong>
	</h2>
</p>
<p>
	<tr>
		<table>
			<th>heading 1</th>
			<th>heading 2</th>
			<th>heading 3</th>
		</tr>
	</p>
	<p>
		<tr>
			<td>cell A1</td>
			<td>cell A2</td>
			<td>cell A3</td>
		</tr>
	</p>
	<p>
		<tr>
			<td>cell B1</td>
			<td>cell B2</td>
			<td>cell B3</td>
		</tr>
	</p>
	<p></table>
</p>
<p>
	<hr /></p>
<p>
	<h2>
		<strong>code:</strong>
	</h2>
</p>
<p>
	<pre>
		<code style='font-family: Menlo, Monaco, Consolas, monospace'></p>
		<p>&lt;test>
			<br />
		</p>
		<p>&lt;test1 />
			<br />
		</p>
		<p>&lt;/test>
			<br />
		</p>
		<p></pre>
	</code>
</p>
<p>
	<pre>
		<code style='font-family: Menlo, Monaco, Consolas, monospace'></p>
		<p>bash
			<br />
		</p>
		<p>echo very long command line with a lot of sings to check word wrap and how it looks like && echo much more elements to print
			<br />
		</p>
		<p></pre>
	</code>
</p>
<p>
	<pre>
		<code style='font-family: Menlo, Monaco, Consolas, monospace'>code oneline</code>
	</pre>
</p>
<p>
	<hr /></p>
<p>
	<h2>
		<strong>noformat:</strong>
	</h2>
</p>
<p>
	<pre>
		<code style='font-family: Menlo, Monaco, Consolas, monospace'></p>
		<p>&lt;xml>
			<br />
		</p>
		<p>&lt;/xml>
			<br />
		</p>
		<p></pre>
	</code>
</p>
<p>
	<pre>
		<code style='font-family: Menlo, Monaco, Consolas, monospace'>noformat &lt;tag>&lt;/tag>oneline</code>
	</pre>
</p>